>  x<- c("a","b","c","d","c","a")
> class(x)
[1] "character"
> x[1]
[1] "a"
> names(x)
NULL
> x[1:4]
[1] "a" "b" "c" "d"
> x[x > "a"]
[1] "b" "c" "d" "c"
> u<- x >"a"
> u
[1] FALSE  TRUE  TRUE  TRUE  TRUE FALSE
> x[u]
[1] "b" "c" "d" "c"
> hw1<- read.table("`~/documents/coursera/hw1_data.csv",sep = ",")
Error in file(file, "rt") : cannot open the connection
In addition: Warning message:
In file(file, "rt") :
  cannot open file '`~/documents/coursera/hw1_data.csv': No such file or directory
> hw1<- read.table("~/documents/coursera/hw1_data.csv",sep = ",")
> head(hw1)
     V1      V2   V3   V4    V5  V6
1 Ozone Solar.R Wind Temp Month Day
2    41     190  7.4   67     5   1
3    36     118    8   72     5   2
4    12     149 12.6   74     5   3
5    18     313 11.5   62     5   4
6  <NA>    <NA> 14.3   56     5   5
> good_data<- complete.cases(hw1)
> print(head(good_data))
[1]  TRUE  TRUE  TRUE  TRUE  TRUE FALSE
> good_data
  [1]  TRUE  TRUE  TRUE  TRUE  TRUE FALSE FALSE  TRUE  TRUE  TRUE FALSE FALSE  TRUE  TRUE  TRUE  TRUE  TRUE  TRUE  TRUE  TRUE  TRUE  TRUE  TRUE  TRUE  TRUE FALSE FALSE FALSE
 [29]  TRUE  TRUE  TRUE  TRUE FALSE FALSE FALSE FALSE FALSE FALSE  TRUE FALSE  TRUE  TRUE FALSE FALSE  TRUE FALSE FALSE  TRUE  TRUE  TRUE  TRUE  TRUE FALSE FALSE FALSE FALSE
 [57] FALSE FALSE FALSE FALSE FALSE FALSE  TRUE  TRUE  TRUE FALSE  TRUE  TRUE  TRUE  TRUE  TRUE  TRUE FALSE  TRUE  TRUE FALSE  TRUE  TRUE  TRUE  TRUE  TRUE  TRUE  TRUE FALSE
 [85] FALSE  TRUE  TRUE  TRUE  TRUE  TRUE  TRUE  TRUE  TRUE  TRUE  TRUE  TRUE FALSE FALSE FALSE  TRUE  TRUE  TRUE FALSE FALSE  TRUE  TRUE  TRUE FALSE  TRUE  TRUE  TRUE  TRUE
[113]  TRUE  TRUE  TRUE FALSE  TRUE  TRUE  TRUE FALSE  TRUE  TRUE  TRUE  TRUE  TRUE  TRUE  TRUE  TRUE  TRUE  TRUE  TRUE  TRUE  TRUE  TRUE  TRUE  TRUE  TRUE  TRUE  TRUE  TRUE
[141]  TRUE  TRUE  TRUE  TRUE  TRUE  TRUE  TRUE  TRUE  TRUE  TRUE FALSE  TRUE  TRUE  TRUE
> good<-complete.cases(hw1$V1)
> print(good)
  [1]  TRUE  TRUE  TRUE  TRUE  TRUE FALSE  TRUE  TRUE  TRUE  TRUE FALSE  TRUE  TRUE  TRUE  TRUE  TRUE  TRUE  TRUE  TRUE  TRUE  TRUE  TRUE  TRUE  TRUE  TRUE FALSE FALSE FALSE
 [29]  TRUE  TRUE  TRUE  TRUE FALSE FALSE FALSE FALSE FALSE FALSE  TRUE FALSE  TRUE  TRUE FALSE FALSE  TRUE FALSE FALSE  TRUE  TRUE  TRUE  TRUE  TRUE FALSE FALSE FALSE FALSE
 [57] FALSE FALSE FALSE FALSE FALSE FALSE  TRUE  TRUE  TRUE FALSE  TRUE  TRUE  TRUE  TRUE  TRUE  TRUE FALSE  TRUE  TRUE FALSE  TRUE  TRUE  TRUE  TRUE  TRUE  TRUE  TRUE FALSE
 [85] FALSE  TRUE  TRUE  TRUE  TRUE  TRUE  TRUE  TRUE  TRUE  TRUE  TRUE  TRUE  TRUE  TRUE  TRUE  TRUE  TRUE  TRUE FALSE FALSE  TRUE  TRUE  TRUE FALSE  TRUE  TRUE  TRUE  TRUE
[113]  TRUE  TRUE  TRUE FALSE  TRUE  TRUE  TRUE FALSE  TRUE  TRUE  TRUE  TRUE  TRUE  TRUE  TRUE  TRUE  TRUE  TRUE  TRUE  TRUE  TRUE  TRUE  TRUE  TRUE  TRUE  TRUE  TRUE  TRUE
[141]  TRUE  TRUE  TRUE  TRUE  TRUE  TRUE  TRUE  TRUE  TRUE  TRUE FALSE  TRUE  TRUE  TRUE
> good
  [1]  TRUE  TRUE  TRUE  TRUE  TRUE FALSE  TRUE  TRUE  TRUE  TRUE FALSE  TRUE  TRUE  TRUE  TRUE  TRUE  TRUE  TRUE  TRUE  TRUE  TRUE  TRUE  TRUE  TRUE  TRUE FALSE FALSE FALSE
 [29]  TRUE  TRUE  TRUE  TRUE FALSE FALSE FALSE FALSE FALSE FALSE  TRUE FALSE  TRUE  TRUE FALSE FALSE  TRUE FALSE FALSE  TRUE  TRUE  TRUE  TRUE  TRUE FALSE FALSE FALSE FALSE
 [57] FALSE FALSE FALSE FALSE FALSE FALSE  TRUE  TRUE  TRUE FALSE  TRUE  TRUE  TRUE  TRUE  TRUE  TRUE FALSE  TRUE  TRUE FALSE  TRUE  TRUE  TRUE  TRUE  TRUE  TRUE  TRUE FALSE
 [85] FALSE  TRUE  TRUE  TRUE  TRUE  TRUE  TRUE  TRUE  TRUE  TRUE  TRUE  TRUE  TRUE  TRUE  TRUE  TRUE  TRUE  TRUE FALSE FALSE  TRUE  TRUE  TRUE FALSE  TRUE  TRUE  TRUE  TRUE
[113]  TRUE  TRUE  TRUE FALSE  TRUE  TRUE  TRUE FALSE  TRUE  TRUE  TRUE  TRUE  TRUE  TRUE  TRUE  TRUE  TRUE  TRUE  TRUE  TRUE  TRUE  TRUE  TRUE  TRUE  TRUE  TRUE  TRUE  TRUE
[141]  TRUE  TRUE  TRUE  TRUE  TRUE  TRUE  TRUE  TRUE  TRUE  TRUE FALSE  TRUE  TRUE  TRUE
> hw1[good]
Error in `[.data.frame`(hw1, good) : undefined columns selected
> hw1[good_data]
Error in `[.data.frame`(hw1, good_data) : undefined columns selected
> hw1[[good]]
Error in .subset2(x, i, exact = exact) : 
  recursive indexing failed at level 2
> bad<-is.na(hw1$V1)
> bad
  [1] FALSE FALSE FALSE FALSE FALSE  TRUE FALSE FALSE FALSE FALSE  TRUE FALSE FALSE FALSE FALSE FALSE FALSE FALSE FALSE FALSE FALSE FALSE FALSE FALSE FALSE  TRUE  TRUE  TRUE
 [29] FALSE FALSE FALSE FALSE  TRUE  TRUE  TRUE  TRUE  TRUE  TRUE FALSE  TRUE FALSE FALSE  TRUE  TRUE FALSE  TRUE  TRUE FALSE FALSE FALSE FALSE FALSE  TRUE  TRUE  TRUE  TRUE
 [57]  TRUE  TRUE  TRUE  TRUE  TRUE  TRUE FALSE FALSE FALSE  TRUE FALSE FALSE FALSE FALSE FALSE FALSE  TRUE FALSE FALSE  TRUE FALSE FALSE FALSE FALSE FALSE FALSE FALSE  TRUE
 [85]  TRUE FALSE FALSE FALSE FALSE FALSE FALSE FALSE FALSE FALSE FALSE FALSE FALSE FALSE FALSE FALSE FALSE FALSE  TRUE  TRUE FALSE FALSE FALSE  TRUE FALSE FALSE FALSE FALSE
[113] FALSE FALSE FALSE  TRUE FALSE FALSE FALSE  TRUE FALSE FALSE FALSE FALSE FALSE FALSE FALSE FALSE FALSE FALSE FALSE FALSE FALSE FALSE FALSE FALSE FALSE FALSE FALSE FALSE
[141] FALSE FALSE FALSE FALSE FALSE FALSE FALSE FALSE FALSE FALSE  TRUE FALSE FALSE FALSE
> !bad
  [1]  TRUE  TRUE  TRUE  TRUE  TRUE FALSE  TRUE  TRUE  TRUE  TRUE FALSE  TRUE  TRUE  TRUE  TRUE  TRUE  TRUE  TRUE  TRUE  TRUE  TRUE  TRUE  TRUE  TRUE  TRUE FALSE FALSE FALSE
 [29]  TRUE  TRUE  TRUE  TRUE FALSE FALSE FALSE FALSE FALSE FALSE  TRUE FALSE  TRUE  TRUE FALSE FALSE  TRUE FALSE FALSE  TRUE  TRUE  TRUE  TRUE  TRUE FALSE FALSE FALSE FALSE
 [57] FALSE FALSE FALSE FALSE FALSE FALSE  TRUE  TRUE  TRUE FALSE  TRUE  TRUE  TRUE  TRUE  TRUE  TRUE FALSE  TRUE  TRUE FALSE  TRUE  TRUE  TRUE  TRUE  TRUE  TRUE  TRUE FALSE
 [85] FALSE  TRUE  TRUE  TRUE  TRUE  TRUE  TRUE  TRUE  TRUE  TRUE  TRUE  TRUE  TRUE  TRUE  TRUE  TRUE  TRUE  TRUE FALSE FALSE  TRUE  TRUE  TRUE FALSE  TRUE  TRUE  TRUE  TRUE
[113]  TRUE  TRUE  TRUE FALSE  TRUE  TRUE  TRUE FALSE  TRUE  TRUE  TRUE  TRUE  TRUE  TRUE  TRUE  TRUE  TRUE  TRUE  TRUE  TRUE  TRUE  TRUE  TRUE  TRUE  TRUE  TRUE  TRUE  TRUE
[141]  TRUE  TRUE  TRUE  TRUE  TRUE  TRUE  TRUE  TRUE  TRUE  TRUE FALSE  TRUE  TRUE  TRUE
> hw1$V1[bad]
 [1] <NA> <NA> <NA> <NA> <NA> <NA> <NA> <NA> <NA> <NA> <NA> <NA> <NA> <NA> <NA> <NA> <NA> <NA> <NA> <NA> <NA> <NA> <NA> <NA> <NA> <NA> <NA> <NA> <NA> <NA> <NA> <NA> <NA> <NA>
[35] <NA> <NA> <NA>
68 Levels: 1 10 108 11 110 115 118 12 122 13 135 14 16 168 18 19 20 21 22 23 24 27 28 29 30 31 32 34 35 36 37 39 4 40 41 44 45 46 47 48 49 50 52 59 6 61 63 64 65 66 7 ... Ozone
> hw1$V1[!bad]
  [1] Ozone 41    36    12    18    28    23    19    8     7     16    11    14    18    14    34    6     30    11    1     11    4     32    23    45    115   37    29   
 [29] 71    39    23    21    37    20    12    13    135   49    32    64    40    77    97    97    85    10    27    7     48    35    61    79    63    16    80    108  
 [57] 20    52    82    50    64    59    39    9     16    78    35    66    122   89    110   44    28    65    22    59    23    31    44    21    9     45    168   73   
 [85] 76    118   84    85    96    78    73    91    47    32    20    23    21    24    44    21    28    9     13    46    18    13    24    16    13    23    36    7    
[113] 14    30    14    18    20   
68 Levels: 1 10 108 11 110 115 118 12 122 13 135 14 16 168 18 19 20 21 22 23 24 27 28 29 30 31 32 34 35 36 37 39 4 40 41 44 45 46 47 48 49 50 52 59 6 61 63 64 65 66 7 ... Ozone
> nrow(hw1$V1[!bad])
NULL
> truth<-complete.cases(hw1$V1,hw1$V2,hw1$V3,hw1$V4,hw1$V5,hw1$V6)
> hw1[truth]
Error in `[.data.frame`(hw1, truth) : undefined columns selected
> hw1$V1[truth]
  [1] Ozone 41    36    12    18    23    19    8     16    11    14    18    14    34    6     30    11    1     11    4     32    23    45    115   37    29    71    39   
 [29] 23    21    37    20    12    13    135   49    32    64    40    77    97    97    85    10    27    7     48    35    61    79    63    16    80    108   20    52   
 [57] 82    50    64    59    39    9     16    122   89    110   44    28    65    22    59    23    31    44    21    9     45    168   73    76    118   84    85    96   
 [85] 78    73    91    47    32    20    23    21    24    44    21    28    9     13    46    18    13    24    16    13    23    36    7     14    30    14    18    20   
68 Levels: 1 10 108 11 110 115 118 12 122 13 135 14 16 168 18 19 20 21 22 23 24 27 28 29 30 31 32 34 35 36 37 39 4 40 41 44 45 46 47 48 49 50 52 59 6 61 63 64 65 66 7 ... Ozone
> hw1$V1[good_data]
  [1] Ozone 41    36    12    18    23    19    8     16    11    14    18    14    34    6     30    11    1     11    4     32    23    45    115   37    29    71    39   
 [29] 23    21    37    20    12    13    135   49    32    64    40    77    97    97    85    10    27    7     48    35    61    79    63    16    80    108   20    52   
 [57] 82    50    64    59    39    9     16    122   89    110   44    28    65    22    59    23    31    44    21    9     45    168   73    76    118   84    85    96   
 [85] 78    73    91    47    32    20    23    21    24    44    21    28    9     13    46    18    13    24    16    13    23    36    7     14    30    14    18    20   
68 Levels: 1 10 108 11 110 115 118 12 122 13 135 14 16 168 18 19 20 21 22 23 24 27 28 29 30 31 32 34 35 36 37 39 4 40 41 44 45 46 47 48 49 50 52 59 6 61 63 64 65 66 7 ... Ozone
> class(hw1$V1[good_data])
[1] "factor"
> hw1[good,][1:6,]
     V1      V2   V3   V4    V5  V6
1 Ozone Solar.R Wind Temp Month Day
2    41     190  7.4   67     5   1
3    36     118    8   72     5   2
4    12     149 12.6   74     5   3
5    18     313 11.5   62     5   4
7    28    <NA> 14.9   66     5   6
> hw1[good,][,1:6]
       V1      V2   V3   V4    V5  V6
1   Ozone Solar.R Wind Temp Month Day
2      41     190  7.4   67     5   1
3      36     118    8   72     5   2
4      12     149 12.6   74     5   3
5      18     313 11.5   62     5   4
7      28    <NA> 14.9   66     5   6
8      23     299  8.6   65     5   7
9      19      99 13.8   59     5   8
10      8      19 20.1   61     5   9
12      7    <NA>  6.9   74     5  11
13     16     256  9.7   69     5  12
14     11     290  9.2   66     5  13
15     14     274 10.9   68     5  14
16     18      65 13.2   58     5  15
17     14     334 11.5   64     5  16
18     34     307   12   66     5  17
19      6      78 18.4   57     5  18
20     30     322 11.5   68     5  19
21     11      44  9.7   62     5  20
22      1       8  9.7   59     5  21
23     11     320 16.6   73     5  22
24      4      25  9.7   61     5  23
25     32      92   12   61     5  24
29     23      13   12   67     5  28
30     45     252 14.9   81     5  29
31    115     223  5.7   79     5  30
32     37     279  7.4   76     5  31
39     29     127  9.7   82     6   7
41     71     291 13.8   90     6   9
42     39     323 11.5   87     6  10
45     23     148    8   82     6  13
48     21     191 14.9   77     6  16
49     37     284 20.7   72     6  17
50     20      37  9.2   65     6  18
51     12     120 11.5   73     6  19
52     13     137 10.3   76     6  20
63    135     269  4.1   84     7   1
64     49     248  9.2   85     7   2
65     32     236  9.2   81     7   3
67     64     175  4.6   83     7   5
68     40     314 10.9   83     7   6
69     77     276  5.1   88     7   7
70     97     267  6.3   92     7   8
71     97     272  5.7   92     7   9
72     85     175  7.4   89     7  10
74     10     264 14.3   73     7  12
75     27     175 14.9   81     7  13
77      7      48 14.3   80     7  15
78     48     260  6.9   81     7  16
79     35     274 10.3   82     7  17
80     61     285  6.3   84     7  18
81     79     187  5.1   87     7  19
82     63     220 11.5   85     7  20
83     16       7  6.9   74     7  21
86     80     294  8.6   86     7  24
87    108     223    8   85     7  25
88     20      81  8.6   82     7  26
89     52      82   12   86     7  27
90     82     213  7.4   88     7  28
91     50     275  7.4   86     7  29
92     64     253  7.4   83     7  30
93     59     254  9.2   81     7  31
94     39      83  6.9   81     8   1
95      9      24 13.8   81     8   2
96     16      77  7.4   82     8   3
97     78    <NA>  6.9   86     8   4
98     35    <NA>  7.4   85     8   5
99     66    <NA>  4.6   87     8   6
100   122     255    4   89     8   7
101    89     229 10.3   90     8   8
102   110     207    8   90     8   9
105    44     192 11.5   86     8  12
106    28     273 11.5   82     8  13
107    65     157  9.7   80     8  14
109    22      71 10.3   77     8  16
110    59      51  6.3   79     8  17
111    23     115  7.4   76     8  18
112    31     244 10.9   78     8  19
113    44     190 10.3   78     8  20
114    21     259 15.5   77     8  21
115     9      36 14.3   72     8  22
117    45     212  9.7   79     8  24
118   168     238  3.4   81     8  25
119    73     215    8   86     8  26
121    76     203  9.7   97     8  28
122   118     225  2.3   94     8  29
123    84     237  6.3   96     8  30
124    85     188  6.3   94     8  31
125    96     167  6.9   91     9   1
126    78     197  5.1   92     9   2
127    73     183  2.8   93     9   3
128    91     189  4.6   93     9   4
129    47      95  7.4   87     9   5
130    32      92 15.5   84     9   6
131    20     252 10.9   80     9   7
132    23     220 10.3   78     9   8
133    21     230 10.9   75     9   9
134    24     259  9.7   73     9  10
135    44     236 14.9   81     9  11
136    21     259 15.5   76     9  12
137    28     238  6.3   77     9  13
138     9      24 10.9   71     9  14
139    13     112 11.5   71     9  15
140    46     237  6.9   78     9  16
141    18     224 13.8   67     9  17
142    13      27 10.3   76     9  18
143    24     238 10.3   68     9  19
144    16     201    8   82     9  20
145    13     238 12.6   64     9  21
146    23      14  9.2   71     9  22
147    36     139 10.3   81     9  23
148     7      49 10.3   69     9  24
149    14      20 16.6   63     9  25
150    30     193  6.9   70     9  26
152    14     191 14.3   75     9  28
153    18     131    8   76     9  29
154    20     223 11.5   68     9  30
> hw1[good_data][,1:6]
Error in `[.data.frame`(hw1, good_data) : undefined columns selected
> hw1[good_data,][,1:6]
       V1      V2   V3   V4    V5  V6
1   Ozone Solar.R Wind Temp Month Day
2      41     190  7.4   67     5   1
3      36     118    8   72     5   2
4      12     149 12.6   74     5   3
5      18     313 11.5   62     5   4
8      23     299  8.6   65     5   7
9      19      99 13.8   59     5   8
10      8      19 20.1   61     5   9
13     16     256  9.7   69     5  12
14     11     290  9.2   66     5  13
15     14     274 10.9   68     5  14
16     18      65 13.2   58     5  15
17     14     334 11.5   64     5  16
18     34     307   12   66     5  17
19      6      78 18.4   57     5  18
20     30     322 11.5   68     5  19
21     11      44  9.7   62     5  20
22      1       8  9.7   59     5  21
23     11     320 16.6   73     5  22
24      4      25  9.7   61     5  23
25     32      92   12   61     5  24
29     23      13   12   67     5  28
30     45     252 14.9   81     5  29
31    115     223  5.7   79     5  30
32     37     279  7.4   76     5  31
39     29     127  9.7   82     6   7
41     71     291 13.8   90     6   9
42     39     323 11.5   87     6  10
45     23     148    8   82     6  13
48     21     191 14.9   77     6  16
49     37     284 20.7   72     6  17
50     20      37  9.2   65     6  18
51     12     120 11.5   73     6  19
52     13     137 10.3   76     6  20
63    135     269  4.1   84     7   1
64     49     248  9.2   85     7   2
65     32     236  9.2   81     7   3
67     64     175  4.6   83     7   5
68     40     314 10.9   83     7   6
69     77     276  5.1   88     7   7
70     97     267  6.3   92     7   8
71     97     272  5.7   92     7   9
72     85     175  7.4   89     7  10
74     10     264 14.3   73     7  12
75     27     175 14.9   81     7  13
77      7      48 14.3   80     7  15
78     48     260  6.9   81     7  16
79     35     274 10.3   82     7  17
80     61     285  6.3   84     7  18
81     79     187  5.1   87     7  19
82     63     220 11.5   85     7  20
83     16       7  6.9   74     7  21
86     80     294  8.6   86     7  24
87    108     223    8   85     7  25
88     20      81  8.6   82     7  26
89     52      82   12   86     7  27
90     82     213  7.4   88     7  28
91     50     275  7.4   86     7  29
92     64     253  7.4   83     7  30
93     59     254  9.2   81     7  31
94     39      83  6.9   81     8   1
95      9      24 13.8   81     8   2
96     16      77  7.4   82     8   3
100   122     255    4   89     8   7
101    89     229 10.3   90     8   8
102   110     207    8   90     8   9
105    44     192 11.5   86     8  12
106    28     273 11.5   82     8  13
107    65     157  9.7   80     8  14
109    22      71 10.3   77     8  16
110    59      51  6.3   79     8  17
111    23     115  7.4   76     8  18
112    31     244 10.9   78     8  19
113    44     190 10.3   78     8  20
114    21     259 15.5   77     8  21
115     9      36 14.3   72     8  22
117    45     212  9.7   79     8  24
118   168     238  3.4   81     8  25
119    73     215    8   86     8  26
121    76     203  9.7   97     8  28
122   118     225  2.3   94     8  29
123    84     237  6.3   96     8  30
124    85     188  6.3   94     8  31
125    96     167  6.9   91     9   1
126    78     197  5.1   92     9   2
127    73     183  2.8   93     9   3
128    91     189  4.6   93     9   4
129    47      95  7.4   87     9   5
130    32      92 15.5   84     9   6
131    20     252 10.9   80     9   7
132    23     220 10.3   78     9   8
133    21     230 10.9   75     9   9
134    24     259  9.7   73     9  10
135    44     236 14.9   81     9  11
136    21     259 15.5   76     9  12
137    28     238  6.3   77     9  13
138     9      24 10.9   71     9  14
139    13     112 11.5   71     9  15
140    46     237  6.9   78     9  16
141    18     224 13.8   67     9  17
142    13      27 10.3   76     9  18
143    24     238 10.3   68     9  19
144    16     201    8   82     9  20
145    13     238 12.6   64     9  21
146    23      14  9.2   71     9  22
147    36     139 10.3   81     9  23
148     7      49 10.3   69     9  24
149    14      20 16.6   63     9  25
150    30     193  6.9   70     9  26
152    14     191 14.3   75     9  28
153    18     131    8   76     9  29
154    20     223 11.5   68     9  30
> hw1
       V1      V2   V3   V4    V5  V6
1   Ozone Solar.R Wind Temp Month Day
2      41     190  7.4   67     5   1
3      36     118    8   72     5   2
4      12     149 12.6   74     5   3
5      18     313 11.5   62     5   4
6    <NA>    <NA> 14.3   56     5   5
7      28    <NA> 14.9   66     5   6
8      23     299  8.6   65     5   7
9      19      99 13.8   59     5   8
10      8      19 20.1   61     5   9
11   <NA>     194  8.6   69     5  10
12      7    <NA>  6.9   74     5  11
13     16     256  9.7   69     5  12
14     11     290  9.2   66     5  13
15     14     274 10.9   68     5  14
16     18      65 13.2   58     5  15
17     14     334 11.5   64     5  16
18     34     307   12   66     5  17
19      6      78 18.4   57     5  18
20     30     322 11.5   68     5  19
21     11      44  9.7   62     5  20
22      1       8  9.7   59     5  21
23     11     320 16.6   73     5  22
24      4      25  9.7   61     5  23
25     32      92   12   61     5  24
26   <NA>      66 16.6   57     5  25
27   <NA>     266 14.9   58     5  26
28   <NA>    <NA>    8   57     5  27
29     23      13   12   67     5  28
30     45     252 14.9   81     5  29
31    115     223  5.7   79     5  30
32     37     279  7.4   76     5  31
33   <NA>     286  8.6   78     6   1
34   <NA>     287  9.7   74     6   2
35   <NA>     242 16.1   67     6   3
36   <NA>     186  9.2   84     6   4
37   <NA>     220  8.6   85     6   5
38   <NA>     264 14.3   79     6   6
39     29     127  9.7   82     6   7
40   <NA>     273  6.9   87     6   8
41     71     291 13.8   90     6   9
42     39     323 11.5   87     6  10
43   <NA>     259 10.9   93     6  11
44   <NA>     250  9.2   92     6  12
45     23     148    8   82     6  13
46   <NA>     332 13.8   80     6  14
47   <NA>     322 11.5   79     6  15
48     21     191 14.9   77     6  16
49     37     284 20.7   72     6  17
50     20      37  9.2   65     6  18
51     12     120 11.5   73     6  19
52     13     137 10.3   76     6  20
53   <NA>     150  6.3   77     6  21
54   <NA>      59  1.7   76     6  22
55   <NA>      91  4.6   76     6  23
56   <NA>     250  6.3   76     6  24
57   <NA>     135    8   75     6  25
58   <NA>     127    8   78     6  26
59   <NA>      47 10.3   73     6  27
60   <NA>      98 11.5   80     6  28
61   <NA>      31 14.9   77     6  29
62   <NA>     138    8   83     6  30
63    135     269  4.1   84     7   1
64     49     248  9.2   85     7   2
65     32     236  9.2   81     7   3
66   <NA>     101 10.9   84     7   4
67     64     175  4.6   83     7   5
68     40     314 10.9   83     7   6
69     77     276  5.1   88     7   7
70     97     267  6.3   92     7   8
71     97     272  5.7   92     7   9
72     85     175  7.4   89     7  10
73   <NA>     139  8.6   82     7  11
74     10     264 14.3   73     7  12
75     27     175 14.9   81     7  13
76   <NA>     291 14.9   91     7  14
77      7      48 14.3   80     7  15
78     48     260  6.9   81     7  16
79     35     274 10.3   82     7  17
80     61     285  6.3   84     7  18
81     79     187  5.1   87     7  19
82     63     220 11.5   85     7  20
83     16       7  6.9   74     7  21
84   <NA>     258  9.7   81     7  22
85   <NA>     295 11.5   82     7  23
86     80     294  8.6   86     7  24
87    108     223    8   85     7  25
88     20      81  8.6   82     7  26
89     52      82   12   86     7  27
90     82     213  7.4   88     7  28
91     50     275  7.4   86     7  29
92     64     253  7.4   83     7  30
93     59     254  9.2   81     7  31
94     39      83  6.9   81     8   1
95      9      24 13.8   81     8   2
96     16      77  7.4   82     8   3
97     78    <NA>  6.9   86     8   4
98     35    <NA>  7.4   85     8   5
99     66    <NA>  4.6   87     8   6
100   122     255    4   89     8   7
101    89     229 10.3   90     8   8
102   110     207    8   90     8   9
103  <NA>     222  8.6   92     8  10
104  <NA>     137 11.5   86     8  11
105    44     192 11.5   86     8  12
106    28     273 11.5   82     8  13
107    65     157  9.7   80     8  14
108  <NA>      64 11.5   79     8  15
109    22      71 10.3   77     8  16
110    59      51  6.3   79     8  17
111    23     115  7.4   76     8  18
112    31     244 10.9   78     8  19
113    44     190 10.3   78     8  20
114    21     259 15.5   77     8  21
115     9      36 14.3   72     8  22
116  <NA>     255 12.6   75     8  23
117    45     212  9.7   79     8  24
118   168     238  3.4   81     8  25
119    73     215    8   86     8  26
120  <NA>     153  5.7   88     8  27
121    76     203  9.7   97     8  28
122   118     225  2.3   94     8  29
123    84     237  6.3   96     8  30
124    85     188  6.3   94     8  31
125    96     167  6.9   91     9   1
126    78     197  5.1   92     9   2
127    73     183  2.8   93     9   3
128    91     189  4.6   93     9   4
129    47      95  7.4   87     9   5
130    32      92 15.5   84     9   6
131    20     252 10.9   80     9   7
132    23     220 10.3   78     9   8
133    21     230 10.9   75     9   9
134    24     259  9.7   73     9  10
135    44     236 14.9   81     9  11
136    21     259 15.5   76     9  12
137    28     238  6.3   77     9  13
138     9      24 10.9   71     9  14
139    13     112 11.5   71     9  15
140    46     237  6.9   78     9  16
141    18     224 13.8   67     9  17
142    13      27 10.3   76     9  18
143    24     238 10.3   68     9  19
144    16     201    8   82     9  20
145    13     238 12.6   64     9  21
146    23      14  9.2   71     9  22
147    36     139 10.3   81     9  23
148     7      49 10.3   69     9  24
149    14      20 16.6   63     9  25
150    30     193  6.9   70     9  26
151  <NA>     145 13.2   77     9  27
152    14     191 14.3   75     9  28
153    18     131    8   76     9  29
154    20     223 11.5   68     9  30
> hw1<- read.table("~/documents/coursera/hw1_data.csv",sep = ",",header = TRUE)
> hw1
    Ozone Solar.R Wind Temp Month Day
1      41     190  7.4   67     5   1
2      36     118  8.0   72     5   2
3      12     149 12.6   74     5   3
4      18     313 11.5   62     5   4
5      NA      NA 14.3   56     5   5
6      28      NA 14.9   66     5   6
7      23     299  8.6   65     5   7
8      19      99 13.8   59     5   8
9       8      19 20.1   61     5   9
10     NA     194  8.6   69     5  10
11      7      NA  6.9   74     5  11
12     16     256  9.7   69     5  12
13     11     290  9.2   66     5  13
14     14     274 10.9   68     5  14
15     18      65 13.2   58     5  15
16     14     334 11.5   64     5  16
17     34     307 12.0   66     5  17
18      6      78 18.4   57     5  18
19     30     322 11.5   68     5  19
20     11      44  9.7   62     5  20
21      1       8  9.7   59     5  21
22     11     320 16.6   73     5  22
23      4      25  9.7   61     5  23
24     32      92 12.0   61     5  24
25     NA      66 16.6   57     5  25
26     NA     266 14.9   58     5  26
27     NA      NA  8.0   57     5  27
28     23      13 12.0   67     5  28
29     45     252 14.9   81     5  29
30    115     223  5.7   79     5  30
31     37     279  7.4   76     5  31
32     NA     286  8.6   78     6   1
33     NA     287  9.7   74     6   2
34     NA     242 16.1   67     6   3
35     NA     186  9.2   84     6   4
36     NA     220  8.6   85     6   5
37     NA     264 14.3   79     6   6
38     29     127  9.7   82     6   7
39     NA     273  6.9   87     6   8
40     71     291 13.8   90     6   9
41     39     323 11.5   87     6  10
42     NA     259 10.9   93     6  11
43     NA     250  9.2   92     6  12
44     23     148  8.0   82     6  13
45     NA     332 13.8   80     6  14
46     NA     322 11.5   79     6  15
47     21     191 14.9   77     6  16
48     37     284 20.7   72     6  17
49     20      37  9.2   65     6  18
50     12     120 11.5   73     6  19
51     13     137 10.3   76     6  20
52     NA     150  6.3   77     6  21
53     NA      59  1.7   76     6  22
54     NA      91  4.6   76     6  23
55     NA     250  6.3   76     6  24
56     NA     135  8.0   75     6  25
57     NA     127  8.0   78     6  26
58     NA      47 10.3   73     6  27
59     NA      98 11.5   80     6  28
60     NA      31 14.9   77     6  29
61     NA     138  8.0   83     6  30
62    135     269  4.1   84     7   1
63     49     248  9.2   85     7   2
64     32     236  9.2   81     7   3
65     NA     101 10.9   84     7   4
66     64     175  4.6   83     7   5
67     40     314 10.9   83     7   6
68     77     276  5.1   88     7   7
69     97     267  6.3   92     7   8
70     97     272  5.7   92     7   9
71     85     175  7.4   89     7  10
72     NA     139  8.6   82     7  11
73     10     264 14.3   73     7  12
74     27     175 14.9   81     7  13
75     NA     291 14.9   91     7  14
76      7      48 14.3   80     7  15
77     48     260  6.9   81     7  16
78     35     274 10.3   82     7  17
79     61     285  6.3   84     7  18
80     79     187  5.1   87     7  19
81     63     220 11.5   85     7  20
82     16       7  6.9   74     7  21
83     NA     258  9.7   81     7  22
84     NA     295 11.5   82     7  23
85     80     294  8.6   86     7  24
86    108     223  8.0   85     7  25
87     20      81  8.6   82     7  26
88     52      82 12.0   86     7  27
89     82     213  7.4   88     7  28
90     50     275  7.4   86     7  29
91     64     253  7.4   83     7  30
92     59     254  9.2   81     7  31
93     39      83  6.9   81     8   1
94      9      24 13.8   81     8   2
95     16      77  7.4   82     8   3
96     78      NA  6.9   86     8   4
97     35      NA  7.4   85     8   5
98     66      NA  4.6   87     8   6
99    122     255  4.0   89     8   7
100    89     229 10.3   90     8   8
101   110     207  8.0   90     8   9
102    NA     222  8.6   92     8  10
103    NA     137 11.5   86     8  11
104    44     192 11.5   86     8  12
105    28     273 11.5   82     8  13
106    65     157  9.7   80     8  14
107    NA      64 11.5   79     8  15
108    22      71 10.3   77     8  16
109    59      51  6.3   79     8  17
110    23     115  7.4   76     8  18
111    31     244 10.9   78     8  19
112    44     190 10.3   78     8  20
113    21     259 15.5   77     8  21
114     9      36 14.3   72     8  22
115    NA     255 12.6   75     8  23
116    45     212  9.7   79     8  24
117   168     238  3.4   81     8  25
118    73     215  8.0   86     8  26
119    NA     153  5.7   88     8  27
120    76     203  9.7   97     8  28
121   118     225  2.3   94     8  29
122    84     237  6.3   96     8  30
123    85     188  6.3   94     8  31
124    96     167  6.9   91     9   1
125    78     197  5.1   92     9   2
126    73     183  2.8   93     9   3
127    91     189  4.6   93     9   4
128    47      95  7.4   87     9   5
129    32      92 15.5   84     9   6
130    20     252 10.9   80     9   7
131    23     220 10.3   78     9   8
132    21     230 10.9   75     9   9
133    24     259  9.7   73     9  10
134    44     236 14.9   81     9  11
135    21     259 15.5   76     9  12
136    28     238  6.3   77     9  13
137     9      24 10.9   71     9  14
138    13     112 11.5   71     9  15
139    46     237  6.9   78     9  16
140    18     224 13.8   67     9  17
141    13      27 10.3   76     9  18
142    24     238 10.3   68     9  19
143    16     201  8.0   82     9  20
144    13     238 12.6   64     9  21
145    23      14  9.2   71     9  22
146    36     139 10.3   81     9  23
147     7      49 10.3   69     9  24
148    14      20 16.6   63     9  25
149    30     193  6.9   70     9  26
150    NA     145 13.2   77     9  27
151    14     191 14.3   75     9  28
152    18     131  8.0   76     9  29
153    20     223 11.5   68     9  30
> bad<-is.na(hw1$V1)
Warning message:
In is.na(hw1$V1) : is.na() applied to non-(list or vector) of type 'NULL'
> bad<-is.na(hw1$Ozone)
> good<-complete.cases(hw1$Ozone)
> print(head(good_data))
[1]  TRUE  TRUE  TRUE  TRUE  TRUE FALSE
> Head(hw1$Ozone[!bad])
Error in Head(hw1$Ozone[!bad]) : could not find function "Head"
> head(hw1$Ozone[!bad])
[1] 41 36 12 18 28 23
> truth<-complete.cases(hw1$Ozone,hw1$Solar.R,hw1$Wind,hw1$Temp,hw1$Month,hw1$Day)
> truth
  [1]  TRUE  TRUE  TRUE  TRUE FALSE FALSE  TRUE  TRUE  TRUE FALSE FALSE  TRUE  TRUE  TRUE  TRUE  TRUE  TRUE  TRUE  TRUE  TRUE  TRUE  TRUE  TRUE  TRUE FALSE FALSE FALSE  TRUE
 [29]  TRUE  TRUE  TRUE FALSE FALSE FALSE FALSE FALSE FALSE  TRUE FALSE  TRUE  TRUE FALSE FALSE  TRUE FALSE FALSE  TRUE  TRUE  TRUE  TRUE  TRUE FALSE FALSE FALSE FALSE FALSE
 [57] FALSE FALSE FALSE FALSE FALSE  TRUE  TRUE  TRUE FALSE  TRUE  TRUE  TRUE  TRUE  TRUE  TRUE FALSE  TRUE  TRUE FALSE  TRUE  TRUE  TRUE  TRUE  TRUE  TRUE  TRUE FALSE FALSE
 [85]  TRUE  TRUE  TRUE  TRUE  TRUE  TRUE  TRUE  TRUE  TRUE  TRUE  TRUE FALSE FALSE FALSE  TRUE  TRUE  TRUE FALSE FALSE  TRUE  TRUE  TRUE FALSE  TRUE  TRUE  TRUE  TRUE  TRUE
[113]  TRUE  TRUE FALSE  TRUE  TRUE  TRUE FALSE  TRUE  TRUE  TRUE  TRUE  TRUE  TRUE  TRUE  TRUE  TRUE  TRUE  TRUE  TRUE  TRUE  TRUE  TRUE  TRUE  TRUE  TRUE  TRUE  TRUE  TRUE
[141]  TRUE  TRUE  TRUE  TRUE  TRUE  TRUE  TRUE  TRUE  TRUE FALSE  TRUE  TRUE  TRUE
> hw1[truth]
Error in `[.data.frame`(hw1, truth) : undefined columns selected
> hw1[truth,][,1:6]
    Ozone Solar.R Wind Temp Month Day
1      41     190  7.4   67     5   1
2      36     118  8.0   72     5   2
3      12     149 12.6   74     5   3
4      18     313 11.5   62     5   4
7      23     299  8.6   65     5   7
8      19      99 13.8   59     5   8
9       8      19 20.1   61     5   9
12     16     256  9.7   69     5  12
13     11     290  9.2   66     5  13
14     14     274 10.9   68     5  14
15     18      65 13.2   58     5  15
16     14     334 11.5   64     5  16
17     34     307 12.0   66     5  17
18      6      78 18.4   57     5  18
19     30     322 11.5   68     5  19
20     11      44  9.7   62     5  20
21      1       8  9.7   59     5  21
22     11     320 16.6   73     5  22
23      4      25  9.7   61     5  23
24     32      92 12.0   61     5  24
28     23      13 12.0   67     5  28
29     45     252 14.9   81     5  29
30    115     223  5.7   79     5  30
31     37     279  7.4   76     5  31
38     29     127  9.7   82     6   7
40     71     291 13.8   90     6   9
41     39     323 11.5   87     6  10
44     23     148  8.0   82     6  13
47     21     191 14.9   77     6  16
48     37     284 20.7   72     6  17
49     20      37  9.2   65     6  18
50     12     120 11.5   73     6  19
51     13     137 10.3   76     6  20
62    135     269  4.1   84     7   1
63     49     248  9.2   85     7   2
64     32     236  9.2   81     7   3
66     64     175  4.6   83     7   5
67     40     314 10.9   83     7   6
68     77     276  5.1   88     7   7
69     97     267  6.3   92     7   8
70     97     272  5.7   92     7   9
71     85     175  7.4   89     7  10
73     10     264 14.3   73     7  12
74     27     175 14.9   81     7  13
76      7      48 14.3   80     7  15
77     48     260  6.9   81     7  16
78     35     274 10.3   82     7  17
79     61     285  6.3   84     7  18
80     79     187  5.1   87     7  19
81     63     220 11.5   85     7  20
82     16       7  6.9   74     7  21
85     80     294  8.6   86     7  24
86    108     223  8.0   85     7  25
87     20      81  8.6   82     7  26
88     52      82 12.0   86     7  27
89     82     213  7.4   88     7  28
90     50     275  7.4   86     7  29
91     64     253  7.4   83     7  30
92     59     254  9.2   81     7  31
93     39      83  6.9   81     8   1
94      9      24 13.8   81     8   2
95     16      77  7.4   82     8   3
99    122     255  4.0   89     8   7
100    89     229 10.3   90     8   8
101   110     207  8.0   90     8   9
104    44     192 11.5   86     8  12
105    28     273 11.5   82     8  13
106    65     157  9.7   80     8  14
108    22      71 10.3   77     8  16
109    59      51  6.3   79     8  17
110    23     115  7.4   76     8  18
111    31     244 10.9   78     8  19
112    44     190 10.3   78     8  20
113    21     259 15.5   77     8  21
114     9      36 14.3   72     8  22
116    45     212  9.7   79     8  24
117   168     238  3.4   81     8  25
118    73     215  8.0   86     8  26
120    76     203  9.7   97     8  28
121   118     225  2.3   94     8  29
122    84     237  6.3   96     8  30
123    85     188  6.3   94     8  31
124    96     167  6.9   91     9   1
125    78     197  5.1   92     9   2
126    73     183  2.8   93     9   3
127    91     189  4.6   93     9   4
128    47      95  7.4   87     9   5
129    32      92 15.5   84     9   6
130    20     252 10.9   80     9   7
131    23     220 10.3   78     9   8
132    21     230 10.9   75     9   9
133    24     259  9.7   73     9  10
134    44     236 14.9   81     9  11
135    21     259 15.5   76     9  12
136    28     238  6.3   77     9  13
137     9      24 10.9   71     9  14
138    13     112 11.5   71     9  15
139    46     237  6.9   78     9  16
140    18     224 13.8   67     9  17
141    13      27 10.3   76     9  18
142    24     238 10.3   68     9  19
143    16     201  8.0   82     9  20
144    13     238 12.6   64     9  21
145    23      14  9.2   71     9  22
146    36     139 10.3   81     9  23
147     7      49 10.3   69     9  24
148    14      20 16.6   63     9  25
149    30     193  6.9   70     9  26
151    14     191 14.3   75     9  28
152    18     131  8.0   76     9  29
153    20     223 11.5   68     9  30
> hw1[truth,][1:15,1:6]
   Ozone Solar.R Wind Temp Month Day
1     41     190  7.4   67     5   1
2     36     118  8.0   72     5   2
3     12     149 12.6   74     5   3
4     18     313 11.5   62     5   4
7     23     299  8.6   65     5   7
8     19      99 13.8   59     5   8
9      8      19 20.1   61     5   9
12    16     256  9.7   69     5  12
13    11     290  9.2   66     5  13
14    14     274 10.9   68     5  14
15    18      65 13.2   58     5  15
16    14     334 11.5   64     5  16
17    34     307 12.0   66     5  17
18     6      78 18.4   57     5  18
19    30     322 11.5   68     5  19
> hw1[truth][Ozone][1:5,]
Error in `[.data.frame`(hw1, truth) : undefined columns selected
> 

> hw1[truth,][Ozone][1:5,]
Error in `[.data.frame`(hw1[truth, ], Ozone) : object 'Ozone' not found
> hw1[truth,][Ozone,][1:5,]
Error in `[.data.frame`(hw1[truth, ], Ozone, ) : object 'Ozone' not found
> hw1[truth,][Ozone,]
Error in `[.data.frame`(hw1[truth, ], Ozone, ) : object 'Ozone' not found
> hw1[truth,][Ozone]
Error in `[.data.frame`(hw1[truth, ], Ozone) : object 'Ozone' not found
> hw1[truth,][[ozone]]
Error in (function(x, i, exact) if (is.matrix(i)) as.matrix(x)[[i]] else .subset2(x,  : 
  object 'ozone' not found
> hw1[truth,][1:6,1:6]
  Ozone Solar.R Wind Temp Month Day
1    41     190  7.4   67     5   1
2    36     118  8.0   72     5   2
3    12     149 12.6   74     5   3
4    18     313 11.5   62     5   4
7    23     299  8.6   65     5   7
8    19      99 13.8   59     5   8